#source activate Schulze
python /workspace/projects/intogen/intogen4/scripts/Schulze/optimizer.py --seeds 12 --niter 1000 --epsilon 0.1 --foutput /workspace/projects/intogen/intogen4/scripts/data/results/optimization/ACC_threshold --input_rankings /workspace/projects/intogen/intogen4/scripts/data/dict_parsed_methods_threshold.pickle --cancer ACC --discarded_methods /workspace/projects/intogen/intogen4/runs/intogen4_20170614/plots/discarted_analyses.txt --t_combination THRESHOLD
python /workspace/projects/intogen/intogen4/scripts/Schulze/optimizer.py --seeds 12 --niter 1000 --epsilon 0.1 --foutput /workspace/projects/intogen/intogen4/scripts/data/results/optimization/BLCA_threshold --input_rankings /workspace/projects/intogen/intogen4/scripts/data/dict_parsed_methods_threshold.pickle --cancer BLCA --discarded_methods /workspace/projects/intogen/intogen4/runs/intogen4_20170614/plots/discarted_analyses.txt --t_combination THRESHOLD
python /workspace/projects/intogen/intogen4/scripts/Schulze/optimizer.py --seeds 12 --niter 1000 --epsilon 0.1 --foutput /workspace/projects/intogen/intogen4/scripts/data/results/optimization/BRCA_threshold --input_rankings /workspace/projects/intogen/intogen4/scripts/data/dict_parsed_methods_threshold.pickle --cancer BRCA --discarded_methods /workspace/projects/intogen/intogen4/runs/intogen4_20170614/plots/discarted_analyses.txt --t_combination THRESHOLD
python /workspace/projects/intogen/intogen4/scripts/Schulze/optimizer.py --seeds 12 --niter 1000 --epsilon 0.1 --foutput /workspace/projects/intogen/intogen4/scripts/data/results/optimization/CESC_threshold --input_rankings /workspace/projects/intogen/intogen4/scripts/data/dict_parsed_methods_threshold.pickle --cancer CESC --discarded_methods /workspace/projects/intogen/intogen4/runs/intogen4_20170614/plots/discarted_analyses.txt --t_combination THRESHOLD
python /workspace/projects/intogen/intogen4/scripts/Schulze/optimizer.py --seeds 12 --niter 1000 --epsilon 0.1 --foutput /workspace/projects/intogen/intogen4/scripts/data/results/optimization/CHOL_threshold --input_rankings /workspace/projects/intogen/intogen4/scripts/data/dict_parsed_methods_threshold.pickle --cancer CHOL --discarded_methods /workspace/projects/intogen/intogen4/runs/intogen4_20170614/plots/discarted_analyses.txt --t_combination THRESHOLD
python /workspace/projects/intogen/intogen4/scripts/Schulze/optimizer.py --seeds 12 --niter 1000 --epsilon 0.1 --foutput /workspace/projects/intogen/intogen4/scripts/data/results/optimization/COAD_threshold --input_rankings /workspace/projects/intogen/intogen4/scripts/data/dict_parsed_methods_threshold.pickle --cancer COAD --discarded_methods /workspace/projects/intogen/intogen4/runs/intogen4_20170614/plots/discarted_analyses.txt --t_combination THRESHOLD
python /workspace/projects/intogen/intogen4/scripts/Schulze/optimizer.py --seeds 12 --niter 1000 --epsilon 0.1 --foutput /workspace/projects/intogen/intogen4/scripts/data/results/optimization/COADREAD_threshold --input_rankings /workspace/projects/intogen/intogen4/scripts/data/dict_parsed_methods_threshold.pickle --cancer COADREAD --discarded_methods /workspace/projects/intogen/intogen4/runs/intogen4_20170614/plots/discarted_analyses.txt --t_combination THRESHOLD
python /workspace/projects/intogen/intogen4/scripts/Schulze/optimizer.py --seeds 12 --niter 1000 --epsilon 0.1 --foutput /workspace/projects/intogen/intogen4/scripts/data/results/optimization/DLBC_threshold --input_rankings /workspace/projects/intogen/intogen4/scripts/data/dict_parsed_methods_threshold.pickle --cancer DLBC --discarded_methods /workspace/projects/intogen/intogen4/runs/intogen4_20170614/plots/discarted_analyses.txt --t_combination THRESHOLD
python /workspace/projects/intogen/intogen4/scripts/Schulze/optimizer.py --seeds 12 --niter 1000 --epsilon 0.1 --foutput /workspace/projects/intogen/intogen4/scripts/data/results/optimization/ESCA_threshold --input_rankings /workspace/projects/intogen/intogen4/scripts/data/dict_parsed_methods_threshold.pickle --cancer ESCA --discarded_methods /workspace/projects/intogen/intogen4/runs/intogen4_20170614/plots/discarted_analyses.txt --t_combination THRESHOLD
python /workspace/projects/intogen/intogen4/scripts/Schulze/optimizer.py --seeds 12 --niter 1000 --epsilon 0.1 --foutput /workspace/projects/intogen/intogen4/scripts/data/results/optimization/GBM_threshold --input_rankings /workspace/projects/intogen/intogen4/scripts/data/dict_parsed_methods_threshold.pickle --cancer GBM --discarded_methods /workspace/projects/intogen/intogen4/runs/intogen4_20170614/plots/discarted_analyses.txt --t_combination THRESHOLD
python /workspace/projects/intogen/intogen4/scripts/Schulze/optimizer.py --seeds 12 --niter 1000 --epsilon 0.1 --foutput /workspace/projects/intogen/intogen4/scripts/data/results/optimization/HNSC_threshold --input_rankings /workspace/projects/intogen/intogen4/scripts/data/dict_parsed_methods_threshold.pickle --cancer HNSC --discarded_methods /workspace/projects/intogen/intogen4/runs/intogen4_20170614/plots/discarted_analyses.txt --t_combination THRESHOLD
python /workspace/projects/intogen/intogen4/scripts/Schulze/optimizer.py --seeds 12 --niter 1000 --epsilon 0.1 --foutput /workspace/projects/intogen/intogen4/scripts/data/results/optimization/KICH_threshold --input_rankings /workspace/projects/intogen/intogen4/scripts/data/dict_parsed_methods_threshold.pickle --cancer KICH --discarded_methods /workspace/projects/intogen/intogen4/runs/intogen4_20170614/plots/discarted_analyses.txt --t_combination THRESHOLD
python /workspace/projects/intogen/intogen4/scripts/Schulze/optimizer.py --seeds 12 --niter 1000 --epsilon 0.1 --foutput /workspace/projects/intogen/intogen4/scripts/data/results/optimization/KIRC_threshold --input_rankings /workspace/projects/intogen/intogen4/scripts/data/dict_parsed_methods_threshold.pickle --cancer KIRC --discarded_methods /workspace/projects/intogen/intogen4/runs/intogen4_20170614/plots/discarted_analyses.txt --t_combination THRESHOLD
python /workspace/projects/intogen/intogen4/scripts/Schulze/optimizer.py --seeds 12 --niter 1000 --epsilon 0.1 --foutput /workspace/projects/intogen/intogen4/scripts/data/results/optimization/KIRP_threshold --input_rankings /workspace/projects/intogen/intogen4/scripts/data/dict_parsed_methods_threshold.pickle --cancer KIRP --discarded_methods /workspace/projects/intogen/intogen4/runs/intogen4_20170614/plots/discarted_analyses.txt --t_combination THRESHOLD
python /workspace/projects/intogen/intogen4/scripts/Schulze/optimizer.py --seeds 12 --niter 1000 --epsilon 0.1 --foutput /workspace/projects/intogen/intogen4/scripts/data/results/optimization/LAML_threshold --input_rankings /workspace/projects/intogen/intogen4/scripts/data/dict_parsed_methods_threshold.pickle --cancer LAML --discarded_methods /workspace/projects/intogen/intogen4/runs/intogen4_20170614/plots/discarted_analyses.txt --t_combination THRESHOLD
python /workspace/projects/intogen/intogen4/scripts/Schulze/optimizer.py --seeds 12 --niter 1000 --epsilon 0.1 --foutput /workspace/projects/intogen/intogen4/scripts/data/results/optimization/LGG_threshold --input_rankings /workspace/projects/intogen/intogen4/scripts/data/dict_parsed_methods_threshold.pickle --cancer LGG --discarded_methods /workspace/projects/intogen/intogen4/runs/intogen4_20170614/plots/discarted_analyses.txt --t_combination THRESHOLD
python /workspace/projects/intogen/intogen4/scripts/Schulze/optimizer.py --seeds 12 --niter 1000 --epsilon 0.1 --foutput /workspace/projects/intogen/intogen4/scripts/data/results/optimization/LIHC_threshold --input_rankings /workspace/projects/intogen/intogen4/scripts/data/dict_parsed_methods_threshold.pickle --cancer LIHC --discarded_methods /workspace/projects/intogen/intogen4/runs/intogen4_20170614/plots/discarted_analyses.txt --t_combination THRESHOLD
python /workspace/projects/intogen/intogen4/scripts/Schulze/optimizer.py --seeds 12 --niter 1000 --epsilon 0.1 --foutput /workspace/projects/intogen/intogen4/scripts/data/results/optimization/LUAD_threshold --input_rankings /workspace/projects/intogen/intogen4/scripts/data/dict_parsed_methods_threshold.pickle --cancer LUAD --discarded_methods /workspace/projects/intogen/intogen4/runs/intogen4_20170614/plots/discarted_analyses.txt --t_combination THRESHOLD
python /workspace/projects/intogen/intogen4/scripts/Schulze/optimizer.py --seeds 12 --niter 1000 --epsilon 0.1 --foutput /workspace/projects/intogen/intogen4/scripts/data/results/optimization/LUSC_threshold --input_rankings /workspace/projects/intogen/intogen4/scripts/data/dict_parsed_methods_threshold.pickle --cancer LUSC --discarded_methods /workspace/projects/intogen/intogen4/runs/intogen4_20170614/plots/discarted_analyses.txt --t_combination THRESHOLD
python /workspace/projects/intogen/intogen4/scripts/Schulze/optimizer.py --seeds 12 --niter 1000 --epsilon 0.1 --foutput /workspace/projects/intogen/intogen4/scripts/data/results/optimization/MESO_threshold --input_rankings /workspace/projects/intogen/intogen4/scripts/data/dict_parsed_methods_threshold.pickle --cancer MESO --discarded_methods /workspace/projects/intogen/intogen4/runs/intogen4_20170614/plots/discarted_analyses.txt --t_combination THRESHOLD
python /workspace/projects/intogen/intogen4/scripts/Schulze/optimizer.py --seeds 12 --niter 1000 --epsilon 0.1 --foutput /workspace/projects/intogen/intogen4/scripts/data/results/optimization/OV_threshold --input_rankings /workspace/projects/intogen/intogen4/scripts/data/dict_parsed_methods_threshold.pickle --cancer OV --discarded_methods /workspace/projects/intogen/intogen4/runs/intogen4_20170614/plots/discarted_analyses.txt --t_combination THRESHOLD
python /workspace/projects/intogen/intogen4/scripts/Schulze/optimizer.py --seeds 12 --niter 1000 --epsilon 0.1 --foutput /workspace/projects/intogen/intogen4/scripts/data/results/optimization/PAAD_threshold --input_rankings /workspace/projects/intogen/intogen4/scripts/data/dict_parsed_methods_threshold.pickle --cancer PAAD --discarded_methods /workspace/projects/intogen/intogen4/runs/intogen4_20170614/plots/discarted_analyses.txt --t_combination THRESHOLD
python /workspace/projects/intogen/intogen4/scripts/Schulze/optimizer.py --seeds 12 --niter 1000 --epsilon 0.1 --foutput /workspace/projects/intogen/intogen4/scripts/data/results/optimization/PCPG_threshold --input_rankings /workspace/projects/intogen/intogen4/scripts/data/dict_parsed_methods_threshold.pickle --cancer PCPG --discarded_methods /workspace/projects/intogen/intogen4/runs/intogen4_20170614/plots/discarted_analyses.txt --t_combination THRESHOLD
python /workspace/projects/intogen/intogen4/scripts/Schulze/optimizer.py --seeds 12 --niter 1000 --epsilon 0.1 --foutput /workspace/projects/intogen/intogen4/scripts/data/results/optimization/PRAD_threshold --input_rankings /workspace/projects/intogen/intogen4/scripts/data/dict_parsed_methods_threshold.pickle --cancer PRAD --discarded_methods /workspace/projects/intogen/intogen4/runs/intogen4_20170614/plots/discarted_analyses.txt --t_combination THRESHOLD
python /workspace/projects/intogen/intogen4/scripts/Schulze/optimizer.py --seeds 12 --niter 1000 --epsilon 0.1 --foutput /workspace/projects/intogen/intogen4/scripts/data/results/optimization/READ_threshold --input_rankings /workspace/projects/intogen/intogen4/scripts/data/dict_parsed_methods_threshold.pickle --cancer READ --discarded_methods /workspace/projects/intogen/intogen4/runs/intogen4_20170614/plots/discarted_analyses.txt --t_combination THRESHOLD
python /workspace/projects/intogen/intogen4/scripts/Schulze/optimizer.py --seeds 12 --niter 1000 --epsilon 0.1 --foutput /workspace/projects/intogen/intogen4/scripts/data/results/optimization/SARC_threshold --input_rankings /workspace/projects/intogen/intogen4/scripts/data/dict_parsed_methods_threshold.pickle --cancer SARC --discarded_methods /workspace/projects/intogen/intogen4/runs/intogen4_20170614/plots/discarted_analyses.txt --t_combination THRESHOLD
python /workspace/projects/intogen/intogen4/scripts/Schulze/optimizer.py --seeds 12 --niter 1000 --epsilon 0.1 --foutput /workspace/projects/intogen/intogen4/scripts/data/results/optimization/SKCM_threshold --input_rankings /workspace/projects/intogen/intogen4/scripts/data/dict_parsed_methods_threshold.pickle --cancer SKCM --discarded_methods /workspace/projects/intogen/intogen4/runs/intogen4_20170614/plots/discarted_analyses.txt --t_combination THRESHOLD
python /workspace/projects/intogen/intogen4/scripts/Schulze/optimizer.py --seeds 12 --niter 1000 --epsilon 0.1 --foutput /workspace/projects/intogen/intogen4/scripts/data/results/optimization/STAD_threshold --input_rankings /workspace/projects/intogen/intogen4/scripts/data/dict_parsed_methods_threshold.pickle --cancer STAD --discarded_methods /workspace/projects/intogen/intogen4/runs/intogen4_20170614/plots/discarted_analyses.txt --t_combination THRESHOLD
python /workspace/projects/intogen/intogen4/scripts/Schulze/optimizer.py --seeds 12 --niter 1000 --epsilon 0.1 --foutput /workspace/projects/intogen/intogen4/scripts/data/results/optimization/TGCT_threshold --input_rankings /workspace/projects/intogen/intogen4/scripts/data/dict_parsed_methods_threshold.pickle --cancer TGCT --discarded_methods /workspace/projects/intogen/intogen4/runs/intogen4_20170614/plots/discarted_analyses.txt --t_combination THRESHOLD
python /workspace/projects/intogen/intogen4/scripts/Schulze/optimizer.py --seeds 12 --niter 1000 --epsilon 0.1 --foutput /workspace/projects/intogen/intogen4/scripts/data/results/optimization/THCA_threshold --input_rankings /workspace/projects/intogen/intogen4/scripts/data/dict_parsed_methods_threshold.pickle --cancer THCA --discarded_methods /workspace/projects/intogen/intogen4/runs/intogen4_20170614/plots/discarted_analyses.txt --t_combination THRESHOLD
python /workspace/projects/intogen/intogen4/scripts/Schulze/optimizer.py --seeds 12 --niter 1000 --epsilon 0.1 --foutput /workspace/projects/intogen/intogen4/scripts/data/results/optimization/THYM_threshold --input_rankings /workspace/projects/intogen/intogen4/scripts/data/dict_parsed_methods_threshold.pickle --cancer THYM --discarded_methods /workspace/projects/intogen/intogen4/runs/intogen4_20170614/plots/discarted_analyses.txt --t_combination THRESHOLD
python /workspace/projects/intogen/intogen4/scripts/Schulze/optimizer.py --seeds 12 --niter 1000 --epsilon 0.1 --foutput /workspace/projects/intogen/intogen4/scripts/data/results/optimization/UCEC_threshold --input_rankings /workspace/projects/intogen/intogen4/scripts/data/dict_parsed_methods_threshold.pickle --cancer UCEC --discarded_methods /workspace/projects/intogen/intogen4/runs/intogen4_20170614/plots/discarted_analyses.txt --t_combination THRESHOLD
python /workspace/projects/intogen/intogen4/scripts/Schulze/optimizer.py --seeds 12 --niter 1000 --epsilon 0.1 --foutput /workspace/projects/intogen/intogen4/scripts/data/results/optimization/UCS_threshold --input_rankings /workspace/projects/intogen/intogen4/scripts/data/dict_parsed_methods_threshold.pickle --cancer UCS --discarded_methods /workspace/projects/intogen/intogen4/runs/intogen4_20170614/plots/discarted_analyses.txt --t_combination THRESHOLD
python /workspace/projects/intogen/intogen4/scripts/Schulze/optimizer.py --seeds 12 --niter 1000 --epsilon 0.1 --foutput /workspace/projects/intogen/intogen4/scripts/data/results/optimization/UVM_threshold --input_rankings /workspace/projects/intogen/intogen4/scripts/data/dict_parsed_methods_threshold.pickle --cancer UVM --discarded_methods /workspace/projects/intogen/intogen4/runs/intogen4_20170614/plots/discarted_analyses.txt --t_combination THRESHOLD
