#source activate Schulze
python /workspace/projects/intogen/intogen4/scripts/Schulze/optimizer.py --seeds 12 --niter 1000 --epsilon 0.1 --foutput /workspace/projects/intogen/intogen4/scripts/data/results/optimization/worst_case/ACC/weights --input_rankings /workspace/projects/intogen/intogen4/scripts/data/dict_parsed_methods_ranking.pickle --cancer ACC --discarded_methods /workspace/projects/intogen/intogen4/runs/intogen4_20170614/plots/discarted_analyses.txt --t_combination RANKING
python /workspace/projects/intogen/intogen4/scripts/Schulze/optimizer.py --seeds 12 --niter 1000 --epsilon 0.1 --foutput /workspace/projects/intogen/intogen4/scripts/data/results/optimization/worst_case/BLCA/weights --input_rankings /workspace/projects/intogen/intogen4/scripts/data/dict_parsed_methods_ranking.pickle --cancer BLCA --discarded_methods /workspace/projects/intogen/intogen4/runs/intogen4_20170614/plots/discarted_analyses.txt --t_combination RANKING
python /workspace/projects/intogen/intogen4/scripts/Schulze/optimizer.py --seeds 12 --niter 1000 --epsilon 0.1 --foutput /workspace/projects/intogen/intogen4/scripts/data/results/optimization/worst_case/BRCA/weights --input_rankings /workspace/projects/intogen/intogen4/scripts/data/dict_parsed_methods_ranking.pickle --cancer BRCA --discarded_methods /workspace/projects/intogen/intogen4/runs/intogen4_20170614/plots/discarted_analyses.txt --t_combination RANKING
python /workspace/projects/intogen/intogen4/scripts/Schulze/optimizer.py --seeds 12 --niter 1000 --epsilon 0.1 --foutput /workspace/projects/intogen/intogen4/scripts/data/results/optimization/worst_case/CESC/weights --input_rankings /workspace/projects/intogen/intogen4/scripts/data/dict_parsed_methods_ranking.pickle --cancer CESC --discarded_methods /workspace/projects/intogen/intogen4/runs/intogen4_20170614/plots/discarted_analyses.txt --t_combination RANKING
python /workspace/projects/intogen/intogen4/scripts/Schulze/optimizer.py --seeds 12 --niter 1000 --epsilon 0.1 --foutput /workspace/projects/intogen/intogen4/scripts/data/results/optimization/worst_case/CHOL/weights --input_rankings /workspace/projects/intogen/intogen4/scripts/data/dict_parsed_methods_ranking.pickle --cancer CHOL --discarded_methods /workspace/projects/intogen/intogen4/runs/intogen4_20170614/plots/discarted_analyses.txt --t_combination RANKING
python /workspace/projects/intogen/intogen4/scripts/Schulze/optimizer.py --seeds 12 --niter 1000 --epsilon 0.1 --foutput /workspace/projects/intogen/intogen4/scripts/data/results/optimization/worst_case/COAD/weights --input_rankings /workspace/projects/intogen/intogen4/scripts/data/dict_parsed_methods_ranking.pickle --cancer COAD --discarded_methods /workspace/projects/intogen/intogen4/runs/intogen4_20170614/plots/discarted_analyses.txt --t_combination RANKING
python /workspace/projects/intogen/intogen4/scripts/Schulze/optimizer.py --seeds 12 --niter 1000 --epsilon 0.1 --foutput /workspace/projects/intogen/intogen4/scripts/data/results/optimization/worst_case/COADREAD/weights --input_rankings /workspace/projects/intogen/intogen4/scripts/data/dict_parsed_methods_ranking.pickle --cancer COADREAD --discarded_methods /workspace/projects/intogen/intogen4/runs/intogen4_20170614/plots/discarted_analyses.txt --t_combination RANKING
python /workspace/projects/intogen/intogen4/scripts/Schulze/optimizer.py --seeds 12 --niter 1000 --epsilon 0.1 --foutput /workspace/projects/intogen/intogen4/scripts/data/results/optimization/worst_case/DLBC/weights --input_rankings /workspace/projects/intogen/intogen4/scripts/data/dict_parsed_methods_ranking.pickle --cancer DLBC --discarded_methods /workspace/projects/intogen/intogen4/runs/intogen4_20170614/plots/discarted_analyses.txt --t_combination RANKING
python /workspace/projects/intogen/intogen4/scripts/Schulze/optimizer.py --seeds 12 --niter 1000 --epsilon 0.1 --foutput /workspace/projects/intogen/intogen4/scripts/data/results/optimization/worst_case/ESCA/weights --input_rankings /workspace/projects/intogen/intogen4/scripts/data/dict_parsed_methods_ranking.pickle --cancer ESCA --discarded_methods /workspace/projects/intogen/intogen4/runs/intogen4_20170614/plots/discarted_analyses.txt --t_combination RANKING
python /workspace/projects/intogen/intogen4/scripts/Schulze/optimizer.py --seeds 12 --niter 1000 --epsilon 0.1 --foutput /workspace/projects/intogen/intogen4/scripts/data/results/optimization/worst_case/GBM/weights --input_rankings /workspace/projects/intogen/intogen4/scripts/data/dict_parsed_methods_ranking.pickle --cancer GBM --discarded_methods /workspace/projects/intogen/intogen4/runs/intogen4_20170614/plots/discarted_analyses.txt --t_combination RANKING
python /workspace/projects/intogen/intogen4/scripts/Schulze/optimizer.py --seeds 12 --niter 1000 --epsilon 0.1 --foutput /workspace/projects/intogen/intogen4/scripts/data/results/optimization/worst_case/HNSC/weights --input_rankings /workspace/projects/intogen/intogen4/scripts/data/dict_parsed_methods_ranking.pickle --cancer HNSC --discarded_methods /workspace/projects/intogen/intogen4/runs/intogen4_20170614/plots/discarted_analyses.txt --t_combination RANKING
python /workspace/projects/intogen/intogen4/scripts/Schulze/optimizer.py --seeds 12 --niter 1000 --epsilon 0.1 --foutput /workspace/projects/intogen/intogen4/scripts/data/results/optimization/worst_case/KICH/weights --input_rankings /workspace/projects/intogen/intogen4/scripts/data/dict_parsed_methods_ranking.pickle --cancer KICH --discarded_methods /workspace/projects/intogen/intogen4/runs/intogen4_20170614/plots/discarted_analyses.txt --t_combination RANKING
python /workspace/projects/intogen/intogen4/scripts/Schulze/optimizer.py --seeds 12 --niter 1000 --epsilon 0.1 --foutput /workspace/projects/intogen/intogen4/scripts/data/results/optimization/worst_case/KIRC/weights --input_rankings /workspace/projects/intogen/intogen4/scripts/data/dict_parsed_methods_ranking.pickle --cancer KIRC --discarded_methods /workspace/projects/intogen/intogen4/runs/intogen4_20170614/plots/discarted_analyses.txt --t_combination RANKING
python /workspace/projects/intogen/intogen4/scripts/Schulze/optimizer.py --seeds 12 --niter 1000 --epsilon 0.1 --foutput /workspace/projects/intogen/intogen4/scripts/data/results/optimization/worst_case/KIRP/weights --input_rankings /workspace/projects/intogen/intogen4/scripts/data/dict_parsed_methods_ranking.pickle --cancer KIRP --discarded_methods /workspace/projects/intogen/intogen4/runs/intogen4_20170614/plots/discarted_analyses.txt --t_combination RANKING
python /workspace/projects/intogen/intogen4/scripts/Schulze/optimizer.py --seeds 12 --niter 1000 --epsilon 0.1 --foutput /workspace/projects/intogen/intogen4/scripts/data/results/optimization/worst_case/LAML/weights --input_rankings /workspace/projects/intogen/intogen4/scripts/data/dict_parsed_methods_ranking.pickle --cancer LAML --discarded_methods /workspace/projects/intogen/intogen4/runs/intogen4_20170614/plots/discarted_analyses.txt --t_combination RANKING
python /workspace/projects/intogen/intogen4/scripts/Schulze/optimizer.py --seeds 12 --niter 1000 --epsilon 0.1 --foutput /workspace/projects/intogen/intogen4/scripts/data/results/optimization/worst_case/LGG/weights --input_rankings /workspace/projects/intogen/intogen4/scripts/data/dict_parsed_methods_ranking.pickle --cancer LGG --discarded_methods /workspace/projects/intogen/intogen4/runs/intogen4_20170614/plots/discarted_analyses.txt --t_combination RANKING
python /workspace/projects/intogen/intogen4/scripts/Schulze/optimizer.py --seeds 12 --niter 1000 --epsilon 0.1 --foutput /workspace/projects/intogen/intogen4/scripts/data/results/optimization/worst_case/LIHC/weights --input_rankings /workspace/projects/intogen/intogen4/scripts/data/dict_parsed_methods_ranking.pickle --cancer LIHC --discarded_methods /workspace/projects/intogen/intogen4/runs/intogen4_20170614/plots/discarted_analyses.txt --t_combination RANKING
python /workspace/projects/intogen/intogen4/scripts/Schulze/optimizer.py --seeds 12 --niter 1000 --epsilon 0.1 --foutput /workspace/projects/intogen/intogen4/scripts/data/results/optimization/worst_case/LUAD/weights --input_rankings /workspace/projects/intogen/intogen4/scripts/data/dict_parsed_methods_ranking.pickle --cancer LUAD --discarded_methods /workspace/projects/intogen/intogen4/runs/intogen4_20170614/plots/discarted_analyses.txt --t_combination RANKING
python /workspace/projects/intogen/intogen4/scripts/Schulze/optimizer.py --seeds 12 --niter 1000 --epsilon 0.1 --foutput /workspace/projects/intogen/intogen4/scripts/data/results/optimization/worst_case/LUSC/weights --input_rankings /workspace/projects/intogen/intogen4/scripts/data/dict_parsed_methods_ranking.pickle --cancer LUSC --discarded_methods /workspace/projects/intogen/intogen4/runs/intogen4_20170614/plots/discarted_analyses.txt --t_combination RANKING
python /workspace/projects/intogen/intogen4/scripts/Schulze/optimizer.py --seeds 12 --niter 1000 --epsilon 0.1 --foutput /workspace/projects/intogen/intogen4/scripts/data/results/optimization/worst_case/MESO/weights --input_rankings /workspace/projects/intogen/intogen4/scripts/data/dict_parsed_methods_ranking.pickle --cancer MESO --discarded_methods /workspace/projects/intogen/intogen4/runs/intogen4_20170614/plots/discarted_analyses.txt --t_combination RANKING
python /workspace/projects/intogen/intogen4/scripts/Schulze/optimizer.py --seeds 12 --niter 1000 --epsilon 0.1 --foutput /workspace/projects/intogen/intogen4/scripts/data/results/optimization/worst_case/OV/weights --input_rankings /workspace/projects/intogen/intogen4/scripts/data/dict_parsed_methods_ranking.pickle --cancer OV --discarded_methods /workspace/projects/intogen/intogen4/runs/intogen4_20170614/plots/discarted_analyses.txt --t_combination RANKING
python /workspace/projects/intogen/intogen4/scripts/Schulze/optimizer.py --seeds 12 --niter 1000 --epsilon 0.1 --foutput /workspace/projects/intogen/intogen4/scripts/data/results/optimization/worst_case/PAAD/weights --input_rankings /workspace/projects/intogen/intogen4/scripts/data/dict_parsed_methods_ranking.pickle --cancer PAAD --discarded_methods /workspace/projects/intogen/intogen4/runs/intogen4_20170614/plots/discarted_analyses.txt --t_combination RANKING
python /workspace/projects/intogen/intogen4/scripts/Schulze/optimizer.py --seeds 12 --niter 1000 --epsilon 0.1 --foutput /workspace/projects/intogen/intogen4/scripts/data/results/optimization/worst_case/PCPG/weights --input_rankings /workspace/projects/intogen/intogen4/scripts/data/dict_parsed_methods_ranking.pickle --cancer PCPG --discarded_methods /workspace/projects/intogen/intogen4/runs/intogen4_20170614/plots/discarted_analyses.txt --t_combination RANKING
python /workspace/projects/intogen/intogen4/scripts/Schulze/optimizer.py --seeds 12 --niter 1000 --epsilon 0.1 --foutput /workspace/projects/intogen/intogen4/scripts/data/results/optimization/worst_case/PRAD/weights --input_rankings /workspace/projects/intogen/intogen4/scripts/data/dict_parsed_methods_ranking.pickle --cancer PRAD --discarded_methods /workspace/projects/intogen/intogen4/runs/intogen4_20170614/plots/discarted_analyses.txt --t_combination RANKING
python /workspace/projects/intogen/intogen4/scripts/Schulze/optimizer.py --seeds 12 --niter 1000 --epsilon 0.1 --foutput /workspace/projects/intogen/intogen4/scripts/data/results/optimization/worst_case/READ/weights --input_rankings /workspace/projects/intogen/intogen4/scripts/data/dict_parsed_methods_ranking.pickle --cancer READ --discarded_methods /workspace/projects/intogen/intogen4/runs/intogen4_20170614/plots/discarted_analyses.txt --t_combination RANKING
python /workspace/projects/intogen/intogen4/scripts/Schulze/optimizer.py --seeds 12 --niter 1000 --epsilon 0.1 --foutput /workspace/projects/intogen/intogen4/scripts/data/results/optimization/worst_case/SARC/weights --input_rankings /workspace/projects/intogen/intogen4/scripts/data/dict_parsed_methods_ranking.pickle --cancer SARC --discarded_methods /workspace/projects/intogen/intogen4/runs/intogen4_20170614/plots/discarted_analyses.txt --t_combination RANKING
python /workspace/projects/intogen/intogen4/scripts/Schulze/optimizer.py --seeds 12 --niter 1000 --epsilon 0.1 --foutput /workspace/projects/intogen/intogen4/scripts/data/results/optimization/worst_case/SKCM/weights --input_rankings /workspace/projects/intogen/intogen4/scripts/data/dict_parsed_methods_ranking.pickle --cancer SKCM --discarded_methods /workspace/projects/intogen/intogen4/runs/intogen4_20170614/plots/discarted_analyses.txt --t_combination RANKING
python /workspace/projects/intogen/intogen4/scripts/Schulze/optimizer.py --seeds 12 --niter 1000 --epsilon 0.1 --foutput /workspace/projects/intogen/intogen4/scripts/data/results/optimization/ranking/weights/ --input_rankings /workspace/projects/intogen/intogen4/scripts/data/dict_parsed_methods_ranking.pickle --cancer STAD --discarded_methods /workspace/projects/intogen/intogen4/runs/intogen4_20170614/plots/discarted_analyses.txt --t_combination RANKING
python /workspace/projects/intogen/intogen4/scripts/Schulze/optimizer.py --seeds 12 --niter 1000 --epsilon 0.1 --foutput /workspace/projects/intogen/intogen4/scripts/data/results/optimization/worst_case/TGCT/weights --input_rankings /workspace/projects/intogen/intogen4/scripts/data/dict_parsed_methods_ranking.pickle --cancer TGCT --discarded_methods /workspace/projects/intogen/intogen4/runs/intogen4_20170614/plots/discarted_analyses.txt --t_combination RANKING
python /workspace/projects/intogen/intogen4/scripts/Schulze/optimizer.py --seeds 12 --niter 1000 --epsilon 0.1 --foutput /workspace/projects/intogen/intogen4/scripts/data/results/optimization/worst_case/THCA/weights --input_rankings /workspace/projects/intogen/intogen4/scripts/data/dict_parsed_methods_ranking.pickle --cancer THCA --discarded_methods /workspace/projects/intogen/intogen4/runs/intogen4_20170614/plots/discarted_analyses.txt --t_combination RANKING
python /workspace/projects/intogen/intogen4/scripts/Schulze/optimizer.py --seeds 12 --niter 1000 --epsilon 0.1 --foutput /workspace/projects/intogen/intogen4/scripts/data/results/optimization/worst_case/THYM/weights --input_rankings /workspace/projects/intogen/intogen4/scripts/data/dict_parsed_methods_ranking.pickle --cancer THYM --discarded_methods /workspace/projects/intogen/intogen4/runs/intogen4_20170614/plots/discarted_analyses.txt --t_combination RANKING
python /workspace/projects/intogen/intogen4/scripts/Schulze/optimizer.py --seeds 12 --niter 1000 --epsilon 0.1 --foutput /workspace/projects/intogen/intogen4/scripts/data/results/optimization/worst_case/UCEC/weights --input_rankings /workspace/projects/intogen/intogen4/scripts/data/dict_parsed_methods_ranking.pickle --cancer UCEC --discarded_methods /workspace/projects/intogen/intogen4/runs/intogen4_20170614/plots/discarted_analyses.txt --t_combination RANKING
python /workspace/projects/intogen/intogen4/scripts/Schulze/optimizer.py --seeds 12 --niter 1000 --epsilon 0.1 --foutput /workspace/projects/intogen/intogen4/scripts/data/results/optimization/worst_case/UCS/weights --input_rankings /workspace/projects/intogen/intogen4/scripts/data/dict_parsed_methods_ranking.pickle --cancer UCS --discarded_methods /workspace/projects/intogen/intogen4/runs/intogen4_20170614/plots/discarted_analyses.txt --t_combination RANKING
python /workspace/projects/intogen/intogen4/scripts/Schulze/optimizer.py --seeds 12 --niter 1000 --epsilon 0.1 --foutput /workspace/projects/intogen/intogen4/scripts/data/results/optimization/worst_case/UVM/weights --input_rankings /workspace/projects/intogen/intogen4/scripts/data/dict_parsed_methods_ranking.pickle --cancer UVM --discarded_methods /workspace/projects/intogen/intogen4/runs/intogen4_20170614/plots/discarted_analyses.txt --t_combination RANKING
